// Jest Snapshot v1, https://goo.gl/fbAQLP

exports[`Blog view Should display blog page 1`] = `
"<body>
  <div>
    <div>
      <p
        class=\\"MuiTypography-root MuiTypography-body1 css-ahj2mt-MuiTypography-root\\"
      >
        Blog
      </p>
    </div>
  </div>
</body>"
`;
