// Jest Snapshot v1, https://goo.gl/fbAQLP

exports[`Mission view Should display mission page 1`] = `
"<body>
  <div>
    <div>
      <div
        class=\\"MuiContainer-root MuiContainer-maxWidthLg css-1oqqzyl-MuiContainer-root\\"
        style=\\"background-color: rgb(51, 51, 51); width: 100%; height: 80px; padding: 0px; position: relative;\\"
      />
      <div
        class=\\"MuiContainer-root MuiContainer-maxWidthLg css-1oqqzyl-MuiContainer-root\\"
        style=\\"width: 100%; padding: 0px; position: relative;\\"
      >
        <div
          class=\\"MuiBox-root css-0\\"
          style=\\"width: 100%; pointer-events: none; background-color: blue;\\"
        />
        <div
          class=\\"MuiContainer-root MuiContainer-maxWidthLg css-1oqqzyl-MuiContainer-root\\"
          style=\\"position: absolute; z-index: 1; bottom: 20%; right: 10%; width: 85%;\\"
        >
          <div
            class=\\"MuiBox-root css-0\\"
            style=\\"pointer-events: none; width: 100%; position: absolute; z-index: 1; background-color: blue;\\"
          />
        </div>
      </div>
      <div
        class=\\"MuiContainer-root MuiContainer-maxWidthLg css-1oqqzyl-MuiContainer-root\\"
        style=\\"padding-top: 20px; padding-bottom: 20px;\\"
      >
        <h1
          class=\\"MuiTypography-root MuiTypography-h1 css-o2w69a-MuiTypography-root\\"
        >
           Welcome to the Home of Future Innovators
          <br />
          Our World-Class Robotics Team!
        </h1>
        <p
          class=\\"MuiTypography-root MuiTypography-body2 css-e784if-MuiTypography-root\\"
          style=\\"padding-top: 10px; text-align: justify;\\"
        >
           Are you excited by the 
          <strong>
            cutting-edge world of robotics
          </strong>
          ? Do you want to be part of a community where 
          <strong>
            innovation, creativity, and technical know-how
          </strong>
           come together to create fantastic, forward-thinking machines? Look no further! You've arrived at the right place. 
        </p>
        <p
          class=\\"MuiTypography-root MuiTypography-body2 css-e784if-MuiTypography-root\\"
          style=\\"padding-top: 10px; text-align: justify;\\"
        >
           The 
          <strong>
            French American School of New York middle school robotics team
          </strong>
           is not just a group - it's an immersive experience, a hub of dedicated kids working together to reshape the future. We are a diverse, dedicated team of students who share a common passion: using technology to solve complex problems and push the boundaries of what's possible. 
        </p>
        <p
          class=\\"MuiTypography-root MuiTypography-body2 css-e784if-MuiTypography-root\\"
          style=\\"padding-top: 10px; text-align: justify;\\"
        >
           We all share a love for robotics, engineering, and innovation. We design, build, program, and operate lego robots, aiming to 
          <strong>
            compete in local, national, and international competitions
          </strong>
          . But more than that, we are a 
          <strong>
            community
          </strong>
          . We are learners, teachers, and explorers on a never-ending quest for knowledge and improvement. 
        </p>
        <p
          class=\\"MuiTypography-root MuiTypography-body2 css-e784if-MuiTypography-root\\"
          style=\\"padding-top: 10px; text-align: justify;\\"
        >
           But don't just take our word for it! We invite you to explore our website, check out our accomplishments, and see the groundbreaking projects we're working on. Whether you're a robotics veteran or a complete beginner, you'll find a place here. 
        </p>
        <p
          class=\\"MuiTypography-root MuiTypography-body2 css-e784if-MuiTypography-root\\"
          style=\\"padding-top: 10px; text-align: justify;\\"
        >
           Joining us isn't just about participating in competitions or building robots; it's about 
          <strong>
            developing critical thinking skills, learning to work in a team, and cultivating a passion for science and technology that will last a lifetime.
          </strong>
           
        </p>
        <p
          class=\\"MuiTypography-root MuiTypography-body2 css-e784if-MuiTypography-root\\"
          style=\\"padding-top: 10px; text-align: justify;\\"
        >
           If you're ready to challenge yourself, gain hands-on experience, and be part of a team where your ideas are valued, we invite you to join us! Step into the world of robotics, challenge your limits, create the extraordinary and let's shape the future, together. 
        </p>
        <p
          class=\\"MuiTypography-root MuiTypography-body2 css-e784if-MuiTypography-root\\"
          style=\\"padding-top: 10px; text-align: justify;\\"
        >
           Remember, the future is not something that just happens. It's something we build. And we're excited to build it with you! 
        </p>
        <p
          class=\\"MuiTypography-root MuiTypography-body2 css-e784if-MuiTypography-root\\"
          style=\\"padding-top: 10px; text-align: justify; font-weight: bold;\\"
        >
           Are you ready to engineer the future with us? 
        </p>
      </div>
    </div>
  </div>
</body>"
`;
