// Jest Snapshot v1, https://goo.gl/fbAQLP

exports[`Post view Should display post page 1`] = `
"<body>
  <div
    id=\\"root\\"
  />
  <div>
    <div>
      <div
        class=\\"MuiContainer-root MuiContainer-maxWidthLg css-1oqqzyl-MuiContainer-root\\"
        style=\\"position: absolute; z-index: 5; background-color: rgba(255, 255, 255, 0.7); width: 100%; height: 80px;\\"
      />
      <div
        class=\\"MuiContainer-root MuiContainer-maxWidthLg css-1oqqzyl-MuiContainer-root\\"
        style=\\"width: 100%; padding: 0px; background-color: rgb(0, 0, 0); position: relative;\\"
      >
        <img
          src=\\"https://th.bing.com/th/id/R.4aa108082e7d3cbd55add79f84612aaa?rik=I4dbPhSe%2fbHHSg&riu=http%3a%2f%2fpurepng.com%2fpublic%2fuploads%2flarge%2fpurepng.com-google-logo-2015brandlogobrand-logoiconssymbolslogosgoogle-6815229372333mqrr.png&ehk=ewmaCOvP0Ji4QViEJnxSdlrYUrTSTWhi8nZ9XdyCgAI%3d&risl=&pid=ImgRaw&r=0\\"
          style=\\"pointer-events: none; width: 100%; object-fit: cover;\\"
        />
      </div>
      <div
        class=\\"MuiContainer-root MuiContainer-maxWidthLg css-1oqqzyl-MuiContainer-root\\"
        style=\\"font-size: 14px; padding-top: 20px; padding-bottom: 20px;\\"
      >
        <h1
          class=\\"MuiTypography-root MuiTypography-h1 css-o2w69a-MuiTypography-root\\"
        >
          post
        </h1>
      </div>
      <div
        class=\\"MuiContainer-root MuiContainer-maxWidthLg css-1oqqzyl-MuiContainer-root\\"
      >
        <div>
          <p>
            Hello
          </p>
        </div>
      </div>
    </div>
  </div>
</body>"
`;
