// Jest Snapshot v1, https://goo.gl/fbAQLP

exports[`Blog view Should display terms and conditions page 1`] = `
"<body>
  <div
    id=\\"root\\"
  />
  <div>
    <div>
      <div
        class=\\"MuiContainer-root MuiContainer-maxWidthLg css-1oqqzyl-MuiContainer-root\\"
        style=\\"background-color: rgba(255, 255, 255, 0); width: 100%; height: 80px; padding: 0px; position: relative;\\"
      />
      <div
        class=\\"MuiContainer-root MuiContainer-maxWidthLg css-1oqqzyl-MuiContainer-root\\"
        style=\\"margin-bottom: 10px;\\"
      >
        <h1
          class=\\"MuiTypography-root MuiTypography-h1 css-wfxni2-MuiTypography-root\\"
          style=\\"margin-bottom: 30px;\\"
        >
           Terms & Conditions 
        </h1>
        <p
          class=\\"MuiTypography-root MuiTypography-body1 css-15v4sip-MuiTypography-root\\"
          style=\\"font-size: 12px;\\"
        >
          These Terms and Conditions (the \\"Terms and Conditions\\") govern the use of the-green-brick-road.org. This Site is owned and operated by the-green-brick-road. This site is an educational website. 
        </p>
        <p
          class=\\"MuiTypography-root MuiTypography-body1 css-15v4sip-MuiTypography-root\\"
          style=\\"font-size: 12px;\\"
        >
          By using this Site, you indicate that you have read and understood these Terms and Conditions and agree to abide by them at all times 
        </p>
        <h2
          class=\\"MuiTypography-root MuiTypography-h2 css-11eu52g-MuiTypography-root\\"
        >
           Intellectual property 
        </h2>
        <p
          class=\\"MuiTypography-root MuiTypography-body1 css-15v4sip-MuiTypography-root\\"
          style=\\"font-size: 12px;\\"
        >
          All content published and made available on our site is the property of the-green-brick-road. This includes, but is not limited to images, text, logos, documents, downloadable files and anything that contributes to the composition of our Site.
        </p>
        <h2
          class=\\"MuiTypography-root MuiTypography-h2 css-11eu52g-MuiTypography-root\\"
        >
           Acceptable Use 
        </h2>
        <p
          class=\\"MuiTypography-root MuiTypography-body1 css-15v4sip-MuiTypography-root\\"
          style=\\"font-size: 12px;\\"
        >
          As a user of our Site, you agree to use our Site legally, not to use our Site for illegal purposes, and not to:
        </p>
        <ul
          class=\\"MuiList-root MuiList-padding css-h4y409-MuiList-root\\"
        >
          <li
            class=\\"MuiListItem-root MuiListItem-gutters MuiListItem-padding css-1os9ulk-MuiListItem-root\\"
            style=\\"padding: 0px;\\"
          >
            <div
              class=\\"MuiListItemIcon-root css-cveggr-MuiListItemIcon-root\\"
              style=\\"min-width: 8px;\\"
            >
              <svg
                aria-hidden=\\"true\\"
                class=\\"MuiSvgIcon-root MuiSvgIcon-colorPrimary MuiSvgIcon-fontSizeMedium css-trob2m-MuiSvgIcon-root\\"
                data-testid=\\"CircleIcon\\"
                focusable=\\"false\\"
                style=\\"height: 8px; min-width: 8px;\\"
                viewBox=\\"0 0 24 24\\"
              >
                <path
                  d=\\"M12 2C6.47 2 2 6.47 2 12s4.47 10 10 10 10-4.47 10-10S17.53 2 12 2\\"
                />
              </svg>
            </div>
            <div
              class=\\"MuiListItemText-root css-tlelie-MuiListItemText-root\\"
            >
              <span
                class=\\"MuiTypography-root MuiTypography-body1 MuiListItemText-primary css-1ml28qw-MuiTypography-root\\"
              >
                Violate the rights of other users of our Site;
              </span>
            </div>
          </li>
          <li
            class=\\"MuiListItem-root MuiListItem-gutters MuiListItem-padding css-1os9ulk-MuiListItem-root\\"
            style=\\"padding: 0px;\\"
          >
            <div
              class=\\"MuiListItemIcon-root css-cveggr-MuiListItemIcon-root\\"
              style=\\"min-width: 8px;\\"
            >
              <svg
                aria-hidden=\\"true\\"
                class=\\"MuiSvgIcon-root MuiSvgIcon-colorPrimary MuiSvgIcon-fontSizeMedium css-trob2m-MuiSvgIcon-root\\"
                data-testid=\\"CircleIcon\\"
                focusable=\\"false\\"
                style=\\"height: 8px; min-width: 8px;\\"
                viewBox=\\"0 0 24 24\\"
              >
                <path
                  d=\\"M12 2C6.47 2 2 6.47 2 12s4.47 10 10 10 10-4.47 10-10S17.53 2 12 2\\"
                />
              </svg>
            </div>
            <div
              class=\\"MuiListItemText-root css-tlelie-MuiListItemText-root\\"
            >
              <span
                class=\\"MuiTypography-root MuiTypography-body1 MuiListItemText-primary css-1ml28qw-MuiTypography-root\\"
              >
                Violate the intellectual property rights of the Site owners or any third party to the Site;
              </span>
            </div>
          </li>
          <li
            class=\\"MuiListItem-root MuiListItem-gutters MuiListItem-padding css-1os9ulk-MuiListItem-root\\"
            style=\\"padding: 0px;\\"
          >
            <div
              class=\\"MuiListItemIcon-root css-cveggr-MuiListItemIcon-root\\"
              style=\\"min-width: 8px;\\"
            >
              <svg
                aria-hidden=\\"true\\"
                class=\\"MuiSvgIcon-root MuiSvgIcon-colorPrimary MuiSvgIcon-fontSizeMedium css-trob2m-MuiSvgIcon-root\\"
                data-testid=\\"CircleIcon\\"
                focusable=\\"false\\"
                style=\\"height: 8px; min-width: 8px;\\"
                viewBox=\\"0 0 24 24\\"
              >
                <path
                  d=\\"M12 2C6.47 2 2 6.47 2 12s4.47 10 10 10 10-4.47 10-10S17.53 2 12 2\\"
                />
              </svg>
            </div>
            <div
              class=\\"MuiListItemText-root css-tlelie-MuiListItemText-root\\"
            >
              <span
                class=\\"MuiTypography-root MuiTypography-body1 MuiListItemText-primary css-1ml28qw-MuiTypography-root\\"
              >
                Hack into the account of another user of the Site; or
              </span>
            </div>
          </li>
          <li
            class=\\"MuiListItem-root MuiListItem-gutters MuiListItem-padding css-1os9ulk-MuiListItem-root\\"
            style=\\"padding: 0px;\\"
          >
            <div
              class=\\"MuiListItemIcon-root css-cveggr-MuiListItemIcon-root\\"
              style=\\"min-width: 8px;\\"
            >
              <svg
                aria-hidden=\\"true\\"
                class=\\"MuiSvgIcon-root MuiSvgIcon-colorPrimary MuiSvgIcon-fontSizeMedium css-trob2m-MuiSvgIcon-root\\"
                data-testid=\\"CircleIcon\\"
                focusable=\\"false\\"
                style=\\"height: 8px; min-width: 8px;\\"
                viewBox=\\"0 0 24 24\\"
              >
                <path
                  d=\\"M12 2C6.47 2 2 6.47 2 12s4.47 10 10 10 10-4.47 10-10S17.53 2 12 2\\"
                />
              </svg>
            </div>
            <div
              class=\\"MuiListItemText-root css-tlelie-MuiListItemText-root\\"
            >
              <span
                class=\\"MuiTypography-root MuiTypography-body1 MuiListItemText-primary css-1ml28qw-MuiTypography-root\\"
              >
                Act in any way that could be considered fraudulent.
              </span>
            </div>
          </li>
        </ul>
        <p
          class=\\"MuiTypography-root MuiTypography-body1 css-15v4sip-MuiTypography-root\\"
          style=\\"font-size: 12px;\\"
        >
          If we believe you are using our Site illegally or in a manner that violates these Terms and Conditions, we reserve the right to limit, suspend or terminate your access to our Site. We also reserve the right to take any legal steps necessary to prevent you from accessing our Site.
        </p>
        <h2
          class=\\"MuiTypography-root MuiTypography-h2 css-11eu52g-MuiTypography-root\\"
        >
           Accounts 
        </h2>
        <p
          class=\\"MuiTypography-root MuiTypography-body1 css-15v4sip-MuiTypography-root\\"
          style=\\"font-size: 12px;\\"
        >
          When you create an account on our Site, you agree to the following:
        </p>
        <ul
          class=\\"MuiList-root MuiList-padding css-h4y409-MuiList-root\\"
        >
          <li
            class=\\"MuiListItem-root MuiListItem-gutters MuiListItem-padding css-1os9ulk-MuiListItem-root\\"
            style=\\"padding: 0px;\\"
          >
            <div
              class=\\"MuiListItemIcon-root css-cveggr-MuiListItemIcon-root\\"
              style=\\"min-width: 8px;\\"
            >
              <svg
                aria-hidden=\\"true\\"
                class=\\"MuiSvgIcon-root MuiSvgIcon-colorPrimary MuiSvgIcon-fontSizeMedium css-trob2m-MuiSvgIcon-root\\"
                data-testid=\\"CircleIcon\\"
                focusable=\\"false\\"
                style=\\"height: 8px; min-width: 8px;\\"
                viewBox=\\"0 0 24 24\\"
              >
                <path
                  d=\\"M12 2C6.47 2 2 6.47 2 12s4.47 10 10 10 10-4.47 10-10S17.53 2 12 2\\"
                />
              </svg>
            </div>
            <div
              class=\\"MuiListItemText-root css-tlelie-MuiListItemText-root\\"
            >
              <span
                class=\\"MuiTypography-root MuiTypography-body1 MuiListItemText-primary css-1ml28qw-MuiTypography-root\\"
              >
                You are solely responsible for your account and the security and privacy of your account, including passwords or sensitive information attached to that account; and
              </span>
            </div>
          </li>
          <li
            class=\\"MuiListItem-root MuiListItem-gutters MuiListItem-padding css-1os9ulk-MuiListItem-root\\"
            style=\\"padding: 0px;\\"
          >
            <div
              class=\\"MuiListItemIcon-root css-cveggr-MuiListItemIcon-root\\"
              style=\\"min-width: 8px;\\"
            >
              <svg
                aria-hidden=\\"true\\"
                class=\\"MuiSvgIcon-root MuiSvgIcon-colorPrimary MuiSvgIcon-fontSizeMedium css-trob2m-MuiSvgIcon-root\\"
                data-testid=\\"CircleIcon\\"
                focusable=\\"false\\"
                style=\\"height: 8px; min-width: 8px;\\"
                viewBox=\\"0 0 24 24\\"
              >
                <path
                  d=\\"M12 2C6.47 2 2 6.47 2 12s4.47 10 10 10 10-4.47 10-10S17.53 2 12 2\\"
                />
              </svg>
            </div>
            <div
              class=\\"MuiListItemText-root css-tlelie-MuiListItemText-root\\"
            >
              <span
                class=\\"MuiTypography-root MuiTypography-body1 MuiListItemText-primary css-1ml28qw-MuiTypography-root\\"
              >
                All personal information you provide to us through your account is up to date, accurate, and truthful and that you will update your personal information if it changes.
              </span>
            </div>
          </li>
        </ul>
        <p
          class=\\"MuiTypography-root MuiTypography-body1 css-15v4sip-MuiTypography-root\\"
          style=\\"font-size: 12px;\\"
        >
          We reserve the right to suspend or terminate your account if you are using our Site illegally or if you violate these Terms and Conditions.
        </p>
        <h2
          class=\\"MuiTypography-root MuiTypography-h2 css-11eu52g-MuiTypography-root\\"
        >
           Links to Other Websites 
        </h2>
        <p
          class=\\"MuiTypography-root MuiTypography-body1 css-15v4sip-MuiTypography-root\\"
          style=\\"font-size: 12px;\\"
        >
          Our Site contains links to third party websites or services that we do not own or control. We are not responsible for the content, policies, or practices of any third party website or service linked to on our Site. It is your responsibility to read the terms and conditions and privacy policies of these third party websites before using these sites.
        </p>
        <h2
          class=\\"MuiTypography-root MuiTypography-h2 css-11eu52g-MuiTypography-root\\"
        >
           Limitation of Liability 
        </h2>
        <p
          class=\\"MuiTypography-root MuiTypography-body1 css-15v4sip-MuiTypography-root\\"
          style=\\"font-size: 12px;\\"
        >
          our administrators will not be liable for any actions, claims, losses, damages, liabilities and expenses including legal fees from your use of the Site.
        </p>
        <h2
          class=\\"MuiTypography-root MuiTypography-h2 css-11eu52g-MuiTypography-root\\"
        >
           Indemnity 
        </h2>
        <p
          class=\\"MuiTypography-root MuiTypography-body1 css-15v4sip-MuiTypography-root\\"
          style=\\"font-size: 12px;\\"
        >
          Except where prohibited by law, by using this Site you indemnify and hold harmless our directors, officers, agents, employees, subsidiaries, and affiliates from any actions, claims, losses, damages, liabilities and expenses including legal fees arising out of your use of our Site or your violation of these Terms and Conditions.
        </p>
        <h2
          class=\\"MuiTypography-root MuiTypography-h2 css-11eu52g-MuiTypography-root\\"
        >
           Applicable Law 
        </h2>
        <p
          class=\\"MuiTypography-root MuiTypography-body1 css-15v4sip-MuiTypography-root\\"
          style=\\"font-size: 12px;\\"
        >
          These Terms and Conditions are governed by the laws of the State of New York.
        </p>
        <h2
          class=\\"MuiTypography-root MuiTypography-h2 css-11eu52g-MuiTypography-root\\"
        >
           Severability 
        </h2>
        <p
          class=\\"MuiTypography-root MuiTypography-body1 css-15v4sip-MuiTypography-root\\"
          style=\\"font-size: 12px;\\"
        >
          If at any time any of the provisions set forth in these Terms and Conditions are found to be inconsistent or invalid under applicable laws, those provisions will be deemed void and will be removed from these Terms and Conditions. All other provisions will not be affected by the removal and the rest of these Terms and Conditions will still be considered valid.
        </p>
        <h2
          class=\\"MuiTypography-root MuiTypography-h2 css-11eu52g-MuiTypography-root\\"
        >
           Changes 
        </h2>
        <p
          class=\\"MuiTypography-root MuiTypography-body1 css-15v4sip-MuiTypography-root\\"
          style=\\"font-size: 12px;\\"
        >
          These Terms and Conditions may be amended from time to time in order to maintain compliance with the law and to reflect any changes to the way we operate our Site and the way we expect users to behave on our Site. We will notify users by email of changes to these Terms and Conditions or post a notice on our Site.
        </p>
        <h2
          class=\\"MuiTypography-root MuiTypography-h2 css-11eu52g-MuiTypography-root\\"
        >
           Contact Details 
        </h2>
        <p
          class=\\"MuiTypography-root MuiTypography-body1 css-15v4sip-MuiTypography-root\\"
          style=\\"font-size: 12px;\\"
        >
          Please contact us if you have any questions or concerns.
        </p>
      </div>
    </div>
  </div>
</body>"
`;
